../Core/Src/app.c:84:6:HAL_RTCEx_WakeUpTimerEventCallback	16	static
../Core/Src/app.c:88:6:HAL_GPIO_EXTI_Callback	16	static
../Core/Src/app.c:103:6:setup	8	static
../Core/Src/app.c:133:6:loop	64	static
../Core/Src/app.c:209:13:RTC_Wakeup_Config	16	static
../Core/Src/app.c:217:13:EnterStop2	8	static
../Core/Src/app.c:245:6:InitFRAM	8	static
../Core/Src/app.c:256:6:InitINA3221	8	static
../Core/Src/app.c:270:6:InitTSL2591	8	static
../Core/Src/app.c:279:6:InitSHT3X	8	static
../Core/Src/app.c:290:6:InitDFR0198	8	static
../Core/Src/app.c:299:6:InitSEN0308	8	static
../Core/Src/app.c:311:6:ReadRTC	8	static
../Core/Src/app.c:331:6:ReadINA3221	48	static
../Core/Src/app.c:357:6:ReadTSL2591	16	static
../Core/Src/app.c:375:6:ReadSHT3X	32	static
../Core/Src/app.c:409:6:ReadDFR0198	8	static
../Core/Src/app.c:420:6:ReadSEN0308	16	static
../Core/Src/app.c:435:6:DumpFRAM	48	static
../Core/Src/app.c:464:6:I2C_bus_scan	16	static
