../Core/Src/app.c:84:6:HAL_RTCEx_WakeUpTimerEventCallback	16	static
../Core/Src/app.c:88:6:HAL_GPIO_EXTI_Callback	16	static
../Core/Src/app.c:103:6:setup	8	static
../Core/Src/app.c:132:6:loop	80	static
../Core/Src/app.c:208:13:RTC_Wakeup_Config	16	static
../Core/Src/app.c:216:13:EnterStop2	8	static
../Core/Src/app.c:244:6:InitFRAM	8	static
../Core/Src/app.c:255:6:InitINA3221	8	static
../Core/Src/app.c:269:6:InitTSL2591	8	static
../Core/Src/app.c:278:6:InitSHT3X	8	static
../Core/Src/app.c:289:6:InitDFR0198	8	static
../Core/Src/app.c:298:6:InitSEN0308	8	static
../Core/Src/app.c:310:6:ReadRTC	8	static
../Core/Src/app.c:330:6:ReadINA3221	48	static
../Core/Src/app.c:356:6:ReadTSL2591	16	static
../Core/Src/app.c:374:6:ReadSHT3X	32	static
../Core/Src/app.c:408:6:ReadDFR0198	8	static
../Core/Src/app.c:419:6:ReadSEN0308	16	static
../Core/Src/app.c:434:6:DumpFRAM	48	static
../Core/Src/app.c:463:6:I2C_bus_scan	16	static
