../Core/Src/app.c:124:6:setup	8	static
../Core/Src/app.c:138:6:loop	8	static
../Core/Src/app.c:163:6:readRTC	8	static
../Core/Src/app.c:195:6:printRTC	32	static
../Core/Src/app.c:200:6:readStatus	4	static
../Core/Src/app.c:209:6:printStatus	8	static
../Core/Src/app.c:214:6:initINA3221	8	static
../Core/Src/app.c:228:6:readINA3221	16	static
../Core/Src/app.c:248:6:printINA3221	72	static
../Core/Src/app.c:258:6:initTSL2591	8	static
../Core/Src/app.c:267:6:readTSL2591	8	static
../Core/Src/app.c:286:6:printTSL2591	48	static
../Core/Src/app.c:291:6:initSHT3X	8	static
../Core/Src/app.c:302:6:readSHT3X	16	static
../Core/Src/app.c:343:6:printSHT3X	40	static
../Core/Src/app.c:348:6:initDFR0198	8	static
../Core/Src/app.c:357:6:readDFR0198	8	static
../Core/Src/app.c:370:6:printDFR0198	8	static
../Core/Src/app.c:375:6:initSEN0308	8	static
../Core/Src/app.c:385:6:readSEN0308	8	static
../Core/Src/app.c:400:6:printSEN0308	8	static
../Core/Src/app.c:404:6:printData	8	static
../Core/Src/app.c:415:6:printHeaderCSV	8	static
../Core/Src/app.c:427:6:printDataCSV	56	static
../Core/Src/app.c:446:6:I2C_bus_scan	16	static
