../Core/Src/app.c:83:6:HAL_RTCEx_WakeUpTimerEventCallback	16	static
../Core/Src/app.c:87:6:HAL_GPIO_EXTI_Callback	16	static
../Core/Src/app.c:102:6:setup	8	static
../Core/Src/app.c:130:6:loop	56	static
../Core/Src/app.c:188:13:RTC_Wakeup_Config	16	static
../Core/Src/app.c:196:13:EnterStop2	8	static
../Core/Src/app.c:224:6:InitFRAM	8	static
../Core/Src/app.c:235:6:InitINA3221	8	static
../Core/Src/app.c:249:6:InitTSL2591	8	static
../Core/Src/app.c:258:6:InitSHT3X	8	static
../Core/Src/app.c:269:6:InitDFR0198	8	static
../Core/Src/app.c:278:6:InitSEN0308	8	static
../Core/Src/app.c:290:6:ReadRTC	8	static
../Core/Src/app.c:310:6:ReadINA3221	48	static
../Core/Src/app.c:335:6:ReadTSL2591	16	static
../Core/Src/app.c:353:6:ReadSHT3X	32	static
../Core/Src/app.c:387:6:ReadDFR0198	8	static
../Core/Src/app.c:398:6:ReadSEN0308	16	static
../Core/Src/app.c:413:6:DumpFRAM	48	static
../Core/Src/app.c:442:6:I2C_bus_scan	16	static
