../Drivers/STM32WBxx_HAL_Driver/Inc/stm32wbxx_ll_bus.h:539:22:LL_AHB2_GRP1_EnableClock	24	static
../Core/Src/main.c:68:5:_write	24	static
../Core/Src/main.c:78:5:main	8	static
../Core/Src/main.c:130:6:SystemClock_Config	112	static
../Core/Src/main.c:179:6:PeriphCommonClock_Config	88	static
../Core/Src/main.c:203:13:MX_I2C1_Init	8	static
../Core/Src/main.c:251:13:MX_LPUART1_UART_Init	8	static
../Core/Src/main.c:299:13:MX_USART1_UART_Init	8	static
../Core/Src/main.c:347:13:MX_RTC_Init	32	static
../Core/Src/main.c:412:13:MX_GPIO_Init	32	static
../Core/Src/main.c:459:6:Error_Handler	4	static,ignoring_inline_asm
