../Drivers/STM32WBxx_HAL_Driver/Inc/stm32wbxx_ll_rcc.h:1679:22:LL_RCC_LSE_SetDriveCapability	16	static
../Drivers/STM32WBxx_HAL_Driver/Inc/stm32wbxx_ll_bus.h:539:22:LL_AHB2_GRP1_EnableClock	24	static
../Core/Src/main.c:76:5:_write	24	static
../Core/Src/main.c:86:5:main	8	static
../Core/Src/main.c:140:6:SystemClock_Config	112	static
../Core/Src/main.c:202:6:PeriphCommonClock_Config	88	static
../Core/Src/main.c:226:13:MX_ADC1_Init	32	static
../Core/Src/main.c:284:13:MX_I2C1_Init	8	static
../Core/Src/main.c:332:13:MX_I2C3_Init	8	static
../Core/Src/main.c:380:13:MX_RTC_Init	32	static
../Core/Src/main.c:445:13:MX_SPI2_Init	8	static
../Core/Src/main.c:485:13:MX_USART1_UART_Init	8	static
../Core/Src/main.c:533:13:MX_GPIO_Init	32	static
../Core/Src/main.c:636:6:Error_Handler	4	static,ignoring_inline_asm
