../Drivers/STM32WBxx_HAL_Driver/Inc/stm32wbxx_ll_rcc.h:1679:22:LL_RCC_LSE_SetDriveCapability	16	static
../Drivers/STM32WBxx_HAL_Driver/Inc/stm32wbxx_ll_bus.h:539:22:LL_AHB2_GRP1_EnableClock	24	static
../Core/Src/main.c:70:5:_write	24	static
../Core/Src/main.c:80:5:main	8	static
../Core/Src/main.c:132:6:SystemClock_Config	112	static
../Core/Src/main.c:186:6:PeriphCommonClock_Config	88	static
../Core/Src/main.c:210:13:MX_I2C1_Init	8	static
../Core/Src/main.c:258:13:MX_LPUART1_UART_Init	8	static
../Core/Src/main.c:306:13:MX_USART1_UART_Init	8	static
../Core/Src/main.c:354:13:MX_RTC_Init	32	static
../Core/Src/main.c:419:13:MX_GPIO_Init	32	static
../Core/Src/main.c:473:6:Error_Handler	4	static,ignoring_inline_asm
